[1/400] mid(100%): Every word had a pulse -> 0 kept
[2/400] mid(100%): So I let the story -> 1 kept
     + Call out my glory
[3/400] mid(100%): Even when we’re arguing -> 0 kept
[4/400] mid(100%): Jollof on the table, hey -> 0 kept
[5/400] mid(100%): Jollof on the table, hey -> 2 kept
     + All my people want another plate they
     + Friends all want to try a little more they
[6/400] mid(100%): Jollof on the table, hey -> 0 kept
[7/400] mid(100%): At the edge of the day -> 10 kept
     + Then it gave the name away
     + It went over from the gray
     + From the hold they took away
[8/400] mid(100%): Black in the sky -> 6 kept
     + It came down from high
     + Then I pulled it high
     + I held the plow high
[9/400] mid(100%): At the edge of the day -> 9 kept
     + It went from the hold today
     + It moved over in the play
     + Then it took the white away
[10/400] mid(100%): Black in the sky -> 8 kept
     + I hold the plow high
     + Then the birds all fly
     + Over the field we try
[11/400] mid(100%): Till the whole wide meadow -> 9 kept
     + Drag that old name low
     + Hold the rope over slow
     + Pull the white sheet below
[12/400] mid(100%): Your ring taps the glass of wine -> 10 kept
     + Your hand still fits right in mine
     + Sway with me and hold on fine
     + Let's take it slow right here fine
[13/400] mid(100%): A small sound in the room -> 0 kept
[14/400] mid(88%): We laugh at the shaky tune -> 0 kept
[15/400] mid(100%): The rug still smells like rain -> 5 kept
     + Let's head down to the lane
     + We move on through the plain
     + Let's try to catch the train
[16/400] mid(100%): From shoes by the back door -> 3 kept
     + I took your hand once more
     + She spun with you some more
     + I held on once more
[17/400] mid(94%): The final note hangs soft -> 0 kept
[18/400] mid(85%): We stand where we began -> 7 kept
     + We move real slow like we can
     + I draw you near as we can
     + We stay right here like we can
[19/400] mid(100%): Then you whisper, “dance with me” -> 4 kept
     + Let's make this last dance free
     + We take our time and see
     + Let's keep this step real slow see
[20/400] mid(100%): Like it knew our names -> 7 kept
     + They played their old games.
     + We spun like old games.
     + She called him James.
[21/400] mid(100%): And nothing felt strange -> 10 kept
     + We turn right round the stage
     + You pull me in close range
     + The beat brings us in range
[22/400] mid(100%): Hold me where we began -> 9 kept
     + Spin fast if you can
     + Turn round like a fan
     + Step out like we can
[23/400] mid(100%): Like they know the score -> 7 kept
     + We spin with you once more
     + The band plays on once more
     + Let's start the song once more
[24/400] mid(100%): Every step we saved -> 3 kept
     + So we all just waved
     + We took turns and waved
     + We braved turns and waved
[25/400] mid(100%): Hold me where we began -> 9 kept
     + Move your body like we can
     + Spin around if you can
     + Step in time the way we can
[26/400] mid(99%): Even the stars in the sky won't align -> 0 kept
[27/400] mid(100%): In the middle of noon -> 6 kept
     + Baby we can get there soon
     + I don't want to sing this tune
     + Never gonna slow down soon
[28/400] mid(100%): In the middle of noon -> 4 kept
     + I don't plan to stop here soon
     + Don't make me drive down this road soon
     + I have seen too much out here soon
[29/400] mid(100%): Disappear into the night -> 9 kept
     + Try so hard to make things right
     + Keep trying to get things right
     + Driving fast to get things right
[30/400] mid(100%): I'm walking away from the fire I used to -> 10 kept
     + Just ain't ready for the mess they made but that's the case
     + Used to let them pull me in but now I see the base
     + Said I won't go back again no matter what they place
[31/400] mid(100%): I'm walking away from the fire I used to -> 10 kept
     + Ain't got time to waste on things I can't erase
     + I just try to stay right here and hold my place
     + Used to run too fast but now I slow my pace
[32/400] mid(100%): Summer's endin' and I'm pickin' up the p -> 6 kept
     + Fun we had out on the weekends went away the day you went and stayed
     + Days got short right after august like the plans you made and went and played
     + All the laughs we shared that summer came to stop the day you went and paid
[33/400] mid(100%): Every breeze reminds me of your hands ar -> 10 kept
     + Can't figure out the reason that you ran away in haste
     + I still taste the salt you left behind from that last chase
     + Why'd you go and leave me standin' here all out of place
[34/400] mid(100%): Every breeze reminds me of your hands ar -> 10 kept
     + why'd you walk away when summer started going to waste
     + why'd you cut and run right when the good days went to waste
     + i keep wondering why you had to leave this whole place
[35/400] mid(100%): With nothing to hide -> 10 kept
     + He snips one side
     + She cuts one side
     + They trim one side
[36/400] mid(100%): Some say he whispers -> 9 kept
     + He snips threads with his fingers
     + He pulls each thread using fingers
     + Mendel cuts the cloth near fingers
[37/400] mid(100%): Like I was late -> 0 kept
[38/400] mid(100%): (oh, first open mic) -> 7 kept
     + I found that lyric
     + We tried a gimmick
     + She said my name quick
[39/400] mid(100%): (oh, first open mic) -> 10 kept
     + I signed up real quick
     + I tried a new trick
     + Felt just a bit sick
[40/400] mid(100%): But I still see that fan -> 9 kept
     + The music then began
     + We opened up the van
     + And then it all began
[41/400] mid(100%): Turning through the night -> 10 kept
     + I open that door right
     + Then I call you back right
     + First I say your name right
[42/400] mid(100%): And if I lose my nerve -> 7 kept
     + I open up to serve
     + I take the right curve
     + Words come back to serve
[43/400] mid(100%): (oh, first open mic) -> 9 kept
     + I knew this old trick
     + Then I got real sick
     + My hands shook real quick
[44/400] mid(100%): Crib beside the window where the morning -> 9 kept
     + Now those little fingers wrap themselves around my tired skin
     + A small new hand can hold so tight against my rough old skin
     + She grabs my finger with her own and looks up with a grin
[45/400] mid(100%): Lullabies at midnight when the stars are -> 10 kept
     + Those small fingers wrap tight round these worn hands right
     + Her tiny grip holds on to my calloused palm tight
     + A baby hand clings firm to my rough old skin right
[46/400] mid(100%): Holding something perfect in the middle  -> 0 kept
[47/400] mid(100%): Crib beside the window where the morning -> 10 kept
     + Now I've got those tiny fingers wrapped around my weary skin
     + Now those tiny fingers stay all wrapped around my calloused skin
     + Look those tiny fingers got themselves wrapped round my weary skin
[48/400] mid(85%): But her eyes hold the hallway -> 6 kept
     + She just turns her head away
     + Turns around and walks away
     + Holds her tongue and looks away
[49/400] mid(100%): Every visitor walks through -> 8 kept
     + She holds him back too
     + She keeps him near true
     + She turns him right new
[50/400] mid(100%): Tour guide voice in the air -> 10 kept
     + She holds him back behind her chair
     + Mom keeps watch right by the fair
     + He stands and waits his turn at the fair
[51/400] mid(100%): Then the room feels warm -> 10 kept
     + He keeps his back in form
     + His shoulders hold their form
     + He pulls his guard up form
[52/400] mid(100%): Through the middle of the storm -> 10 kept
     + I step back from the norm.
     + I pull back to hold form.
     + We hold back from the form.
[53/400] mid(100%): Your hand in mine on the creaky floor -> 4 kept
     + We fill up the last bag and push it to the store
     + The fan keeps on turning but the air feels more
     + We tape up the corners and stack one box more
[54/400] mid(100%): Morning coffee in mismatched mugs we fou -> 9 kept
     + The walls feel close but we are safe and sound
     + My mind drifts off to places far from town
     + I take a breath and let the whole world down
[55/400] mid(100%): Curtains dancing in the soft sunrise -> 10 kept
     + We drift through the room as the moments arise
     + The haze in the air makes the soft light arise
     + Our talk fills the space while the good times arise
[56/400] mid(100%): Years from now when the paint starts to  -> 1 kept
     + Bills sat on the table while the feeling never paid
[57/400] mid(100%): Like it knew my name -> 0 kept
[58/400] mid(98%): And left the same -> 2 kept
     + The quiet made me feel the shame
     + I never said a single name
[59/400] mid(100%): Through the wall of pine and dust -> 9 kept
     + I stood there shaking just
     + My legs were shaking just
     + Still my hands kept shaking just
[60/400] mid(100%): Long enough to trust -> 4 kept
     + I didn't want to stay there just
     + My hands would not stop shaking just
     + It was time to walk away just
[61/400] mid(100%): My hands are still shaking -> 0 kept
[62/400] mid(100%): But I know what they’re for -> 5 kept
     + I can't keep this up no more
     + I just need to reach the door
     + Better slip off to the store
[63/400] mid(100%): Then gone to the floor -> 1 kept
     + Close the side door.
[64/400] mid(90%): Dad’s old tie on the chair -> 7 kept
     + Left the door there
     + Door swings in air
     + Stands half way bare
[65/400] mid(100%): The shape of fear -> 0 kept
[66/400] mid(100%): Like rain on tin -> 0 kept
[67/400] mid(100%): And let the quiet in -> 2 kept
     + My head begins to spin
     + My mind begins to spin
[68/400] mid(100%): My hands are still shaking -> 4 kept
     + Nothing here can stop the aching
     + I just keep on slowly taking
     + Feels like something here is breaking
[69/400] mid(100%): But I know what they’re for -> 6 kept
     + I can't take this room no more
     + This whole spot feels way too small
     + Can't sit still like this no more
[70/400] mid(100%): Then gone to the floor -> 9 kept
     + You close the door
     + She shuts the door
     + He slams the door
[71/400] mid(97%): No fire in the rafters -> 0 kept
[72/400] mid(100%): My hands are still shaking -> 7 kept
     + Just a few more steps I'm taking
     + Nothing that I won't be faking
     + Even all the words I'm faking
[73/400] mid(100%): But I know what they’re for -> 9 kept
     + I won't stay here no more
     + Head on down to the store
     + Find a new way to the door
[74/400] mid(100%): Friends were yelling time to go but I wa -> 0 kept
[75/400] mid(100%): One cup by the stove -> 0 kept
[76/400] mid(100%): Till it feels like home again -> 0 kept
[77/400] mid(99%): Stuck in the flour tin -> 10 kept
     + Saw the name and start to begin
     + Stir it good until it's thin
     + Check the card then start to spin
[78/400] mid(100%): Cried like it was rain -> 7 kept
     + I called it by the wrong name
     + The smell went straight to my brain
     + My eyes soon began to drain
[79/400] mid(100%): Till it feels like home again -> 0 kept
[80/400] mid(100%): For the shape of her laugh -> 6 kept
     + I fill the plate but only half
     + I cut the meat down to half
     + I set the pan down on the half
[81/400] mid(100%): Till it feels like home again -> 0 kept
[82/400] mid(100%): One plate by the sink -> 10 kept
     + Drop a tea bag in to drink
     + Stir the sugar in to drink
     + Fill my cup up full to drink
[83/400] mid(100%): One cup by the stove -> 0 kept
[84/400] mid(97%): Backpacks heavy with the years we gave a -> 8 kept
     + Kids pack their bags and don't look back my way
     + Friends all split up and head out for the day
     + Books hit the floor as the last bell rings today
[85/400] mid(82%): Hallways echo with the laughter fading s -> 5 kept
     + We turn our backs on every room and head below
     + We drop the worn out keys and leave the whole place low
     + The hallway fades as we keep moving out below
[86/400] mid(100%): We’re stepping out the doors we used to  -> 10 kept
     + Desks stay still as kids head out the door below
     + Books close up tight when the students start to go so
     + Chairs scrape back as the kids walk out the door below
[87/400] mid(100%): We’re leaving now with nothing left to h -> 9 kept
     + Lockers cleared we leave the school and all we knew behind
     + Friends all wave as we head out to the other side
     + We know it's time to go and put the past aside
[88/400] mid(100%): Dreams we wrote down in the notebooks de -> 6 kept
     + Desks sit bare now all the notes we used to keep
     + We tape the last box full of stuff we might still keep
     + Hallways stand still as we walk out past the heap
[89/400] mid(100%): Teachers smiling like they know we’ll be -> 9 kept
     + We pack our things and shut the door away
     + The notes we kept are put away today
     + We close those books and leave the room today
[90/400] mid(89%): The field behind the gym where we used t -> 8 kept
     + You know we left it all behind like that one
     + Leaving all we knew behind was not much fun
     + I know the last time really left us done
[91/400] mid(100%): Punch out at noon -> 9 kept
     + Keep head down soon
     + Check the time soon
     + Move on up soon
[92/400] mid(83%): Receipt in my hand -> 7 kept
     + I make my stand
     + Time for my stand
     + I hold my stand
[93/400] mid(98%): And start over again -> 0 kept
[94/400] mid(100%): Rent at the door -> 8 kept
     + I search the shelves once more
     + I check the floor once more
     + I look inside the store
[95/400] mid(98%): I keep my head down -> 8 kept
     + I get pushed around
     + I miss the last round
     + I slip and hit the ground
[96/400] mid(100%): Same worn-out shoes -> 10 kept
     + I look back for clues
     + Turn my head for news
     + Clock the cars that cruise
[97] DIVERSITY-GATE skip (only 1 distinct cands — possible reconstruction)
[98/400] mid(100%): Rent at the door -> 8 kept
     + I scan the shelves once more
     + I check each shelf once more
     + I look all over the floor
[99/400] mid(98%): I keep my head down -> 10 kept
     + I head out of town
     + They clock me in town
     + I get stuck in town
[100/400] mid(100%): And the numbers stay cold -> 9 kept
     + I just want to get ahold
     + Can't catch up but still I hold
     + Time goes by and I'm still told
[101/400] mid(100%): Grey sky hangs low -> 6 kept
     + They want to see me blow
     + Gotta find a place below
     + They gonna break it slow
[102/400] mid(100%): From this dead-end street -> 10 kept
     + Stamp down with feet
     + Break out on feet
     + Go hit the beat
[103/400] mid(99%): Gonna make it out -> 1 kept
     + We gotta make em doubt
[104/400] mid(100%): Gonna make it last -> 6 kept
     + Gotta leave this hole fast
     + They break through the cast
     + Run clear from the past
[105/400] mid(100%): Two cups, two rings, two names -> 10 kept
     + I pick out the claims
     + I check all the claims
     + I go through the claims
[106/400] mid(100%): Like I was born to label -> 6 kept
     + Chose my suit and left the table
     + Signed the paper near the table
     + Picked the rules up off the table
[107/400] mid(100%): But I saw my shoes by the door -> 7 kept
     + I chose the life I wanted more
     + I put my name down on the floor
     + I picked a new path from the store
[108/400] mid(100%): And my hands were shaking -> 8 kept
     + I signed my name without faking
     + I chose that suit before breaking
     + I read those rules before making
[109/400] mid(100%): I heard my own heart knock -> 10 kept
     + I chose to break the lock
     + I want life off the clock
     + I left it on the block
[110/400] mid(97%): Had no room to breathe -> 4 kept
     + I chose the road that I could see
     + I found a way to live life free
     + I cut the strings they tied on me
[111] DIVERSITY-GATE skip (only 1 distinct cands — possible reconstruction)
[112/400] mid(100%): You and I, wrong side of the storm -> 8 kept
     + You lean hard on my form
     + We sit close by your form
     + Your head rests on my form
[113/400] mid(100%): Your hand on the handle, mine on the edg -> 10 kept
     + You lean on my shoulder by our hedge
     + Lean with me beside the old hedge
     + I press my side against the low ledge
[114/400] mid(100%): We just stand there -> 0 kept
[115/400] mid(100%): My boots sink in the gutter mud -> 0 kept
[116/400] mid(98%): Your breath makes smoke in the cold gray -> 2 kept
     + Hold up your umbrella there
     + Lean hard on my shoulder there
[117/400] mid(100%): Two strangers, one thin shield -> 4 kept
     + I just won't yield
     + We hold our field
     + Rain wets the field
[118/400] mid(100%): Two strangers, one thin shield -> 1 kept
     + I try to lean but the ground won't yield
[119/400] mid(100%): I trace the lines -> 10 kept
     + I read all the signs
     + I keep track of signs
     + I look for the signs
[120/400] mid(100%): When the house is gone -> 10 kept
     + I read books till dawn
     + Kept working till dawn
     + I stayed up till dawn
[121/400] mid(100%): Still hanging on (hold on) -> 0 kept
[122/400] mid(100%): I trace the lines -> 1 kept
     + I check the signs
[123/400] mid(100%): When the house is gone -> 0 kept
[124/400] mid(100%): Still hanging on (hold on) -> 0 kept
[125/400] mid(100%): I make it through -> 7 kept
     + Study here in my room too
     + Keep the door shut in here too
     + Sit with all my books out too
[126] DIVERSITY-GATE skip (only 3 distinct cands — possible reconstruction)
[127/400] mid(100%): Feel it in the rain -> 9 kept
     + They run wild now in my brain
     + They shift blue like a fast train
     + I feel them turn in my brain
[128/400] mid(100%): Every word a whisper -> 6 kept
     + They shift with each year
     + Sea foam pulls in near
     + Cold spray feels so dear
[129/400] mid(100%): And the endless night -> 8 kept
     + They move so fast from left to right
     + The sea turns wild from blue to white
     + Wind cuts the water sharp and quite
[130/400] mid(100%): But I see your face in every wave that b -> 0 kept
[131/400] mid(100%): Mirrored in your eyes -> 4 kept
     + The wolf calls out from hills and cries
     + They race across the fields and fly
     + The fox slips by through grass with quick tries
[132/400] mid(100%): Every word a whisper -> 8 kept
     + Waves come rolling near
     + Sent from far and near
     + Feel the wild blue clear
[133/400] mid(100%): With ink and trembling hands -> 9 kept
     + They run wild across the sands
     + Ever changing with the sands
     + They still wander these wild lands
[134/400] mid(100%): A thousand years of secrets -> 9 kept
     + They write words that always meet
     + The pen spells out what paper meets
     + Blue ink runs fast and then it meets
[135/400] mid(100%): Held within your deep -> 1 kept
     + I find them there in your wild leap
[136/400] mid(100%): And cold from the county fair -> 10 kept
     + He said he won't sell the chair
     + She told him not to sell air
     + He keeps the thing he won't share
[137/400] mid(99%): He keeps his name in the clay -> 9 kept
     + He picks his way
     + He walks his way
     + He owns his way
[138/400] mid(100%): He said, "I won't dress my scars -> 10 kept
     + He said it won't sell from bars
     + They said that it keeps like cars
     + She said it won't sell in jars
[139/400] mid(99%): He keeps his name in the clay -> 7 kept
     + He goes his way
     + He makes his play
     + He pays no way
[140/400] mid(100%): If the world wants a cheaper heart -> 10 kept
     + My old truck from the lot won't start
     + That old cart just will not start
     + This bike here said it won't start
[141/400] mid(99%): He keeps his name in the clay -> 10 kept
     + He plays it his way
     + He keeps his word today
     + He holds his own say
[142/400] mid(87%): But I kept a map -> 0 kept
[143/400] mid(100%): Saying hold on, hold on -> 1 kept
     + made my way past that block
[144/400] mid(84%): I made it out -> 4 kept
     + Never had a doubt.
     + Said it with a shout.
     + Never left a doubt.
[145/400] mid(84%): I made it out -> 3 kept
     + Said it with clout
     + Had my own clout
     + Came out with clout
[146/400] mid(100%): From the dead-end block -> 0 kept
[147/400] mid(84%): I made it out -> 9 kept
     + Still they gave no clout
     + Folks said I had doubt
     + Same crew hung about
[148/400] mid(84%): I made it out -> 6 kept
     + they had their doubt
     + folks still had doubt
     + gave me no clout
[149/400] mid(84%): I made it out -> 3 kept
     + Same streets no doubt
     + Block days no doubt
     + Had my share of doubt
[150/400] mid(100%): Still got the dust on me -> 6 kept
     + Same block you see
     + Said I'd be free
     + From that block see
[151/400] mid(100%): But I made it out -> 6 kept
     + They said I came from dead doubt
     + Block life got me no clout
     + Said I rose from what they shout
[152/400] mid(70%): On the backs of gas station air -> 10 kept
     + We made the same plans there
     + I said the same thing there
     + Still made our old plans fair
[153/400] mid(100%): I took the long way -> 0 kept
[154/400] mid(100%): Past the broken chain -> 8 kept
     + I made it through pain
     + I crawled out from pain
     + They said I lost my brain
[155/400] mid(100%): And the whole block watched -> 5 kept
     + The path had been blocked
     + My feet never marched
     + The gate had been locked
[156/400] mid(100%): I heard my own heart -> 10 kept
     + I said I made my start
     + They said I made my part
     + I still made the same start
[157/400] mid(84%): I made it out -> 5 kept
     + Left the block in doubt
     + Said I had no clout
     + From the dead I shout
[158/400] mid(84%): I made it out -> 3 kept
     + Still had my doubts
     + Never lost my clout
     + They said no doubt
[159/400] mid(100%): From the dead-end block -> 6 kept
     + I beat the clock
     + We broke the lock
     + I took the shock
[160/400] mid(84%): I made it out -> 6 kept
     + Momma said I had no clout
     + They still said I had no shout
     + Friends said I would have no clout
[161/400] mid(84%): I made it out -> 5 kept
     + Still had no doubt
     + Got no real clout
     + People had their doubt
[162/400] mid(84%): I made it out -> 3 kept
     + No room to doubt
     + Had the block clout
     + With no real doubt
[163/400] mid(100%): Still got the dust on me -> 9 kept
     + From what I see
     + Same as they see
     + Same way I see
[164/400] mid(100%): But I made it out -> 1 kept
     + Still said I had no doubt
[165/400] mid(100%): Hands full of thin -> 6 kept
     + Cut from a dead pin
     + Said it came from skin
     + Still said the same win
[166/400] mid(100%): Broke through the wall -> 10 kept
     + We made the call
     + It made us fall
     + They block us all
[167/400] mid(100%): Said you are not the street -> 6 kept
     + Kept the same beat
     + Found my own beat
     + Made my own beat
[168/400] mid(84%): I made it out -> 0 kept
[169/400] mid(84%): I made it out -> 8 kept
     + Still had no doubt
     + Kept my own clout
     + Left it no doubt
[170/400] mid(100%): From the dead-end block -> 0 kept
[171/400] mid(84%): I made it out -> 9 kept
     + folks said I had clout
     + had my share of doubt
     + never got no clout
[172/400] mid(84%): I made it out -> 9 kept
     + Dead with no doubt
     + Same block no doubt
     + Still said no doubt
[173/400] mid(84%): I made it out -> 6 kept
     + Never had a doubt
     + Came up with clout
     + Talked it all about
[174/400] mid(100%): Still got the dust on me -> 0 kept
[175/400] mid(100%): But I made it out -> 6 kept
     + Block ways left me in doubt
     + Folks said I would not scout
     + Still they said I lack clout
[176/400] mid(84%): I made it out -> 9 kept
     + I still had no doubt
     + Same block with no doubt
     + He said with no doubt
[177/400] mid(84%): I made it out -> 4 kept
     + Same streets no doubt
     + Built my own clout
     + No one to doubt
[178/400] mid(100%): From the dead-end block -> 4 kept
     + They changed the lock.
     + Hit the same rock.
     + Broke the same lock.
[179/400] mid(100%): Coffee in a paper cup -> 0 kept
[180] DIVERSITY-GATE skip (only 0 distinct cands — possible reconstruction)
[181/400] mid(100%): Every little thing I need -> 6 kept
     + Bills make me bleed
     + Work feeds their greed
     + Pay runs out with speed
[182/400] mid(100%): Two jobs, still behind -> 9 kept
     + I count them up but lose my mind
     + Hard to balance what I find
     + Adding slow just to keep kind
[183/400] mid(100%): (Two jobs, still behind) -> 7 kept
     + Always in a bind
     + Feels like such a grind
     + Stuck here in a bind
[184/400] mid(100%): Two jobs, still behind -> 10 kept
     + Work and bills fill up my mind
     + Each long day feels like a grind
     + Push on through this daily grind
[185/400] mid(100%): (Two jobs, still behind) -> 9 kept
     + Bills are on my mind
     + Working fills my mind
     + I just can't unwind
[186/400] mid(100%): Lunch break in the truck bed -> 9 kept
     + Jobs still push me right ahead
     + Still these jobs wear down my head
     + Work just leaves me feeling dead
[187/400] mid(100%): Two jobs, still behind -> 8 kept
     + It's a daily grind
     + Got no peace of mind
     + Always on my mind
[188/400] mid(100%): (Two jobs, still behind) -> 9 kept
     + Just the daily grind
     + No break from this grind
     + Always on the grind
[189/400] mid(100%): Two jobs, still behind -> 3 kept
     + I keep on struggling just to find
     + I push ahead but still can't find
     + I work these hours trying hard to find
[190/400] mid(100%): (Two jobs, still behind) -> 5 kept
     + Working through the grind
     + Can't seem to unwind
     + Need to clear my mind
[191/400] mid(100%): Two jobs, still behind -> 9 kept
     + I just keep on with the grind
     + Got to push on through the grind
     + I can feel the daily grind
[192/400] mid(100%): (Two jobs, still behind) -> 9 kept
     + Bills stay on my mind
     + Cash is hard to find
     + Rent weighs on my mind
[193/400] mid(100%): Two jobs, still behind -> 9 kept
     + I clock long hours at this grind
     + Bills keep on stacking in my mind
     + I push ahead just to stay kind
[194/400] mid(100%): (Two jobs, still behind) -> 8 kept
     + Keep on with the grind
     + Got to keep the grind
     + I try hard to find
[195/400] mid(99%): Empty coffee cold again -> 2 kept
     + A ping comes through on screen then
     + I heard your voice comin in then
[196/400] mid(100%): Flying off into the blue -> 9 kept
     + A text from you comes through
     + Then one note shows up true
     + Your words pop right on through
[197/400] mid(100%): My phone on the dash -> 10 kept
     + I can't pay you in cash
     + Already stuck with the trash
     + Can't settle down after crash
[198/400] mid(100%): I can sleep in the truck -> 8 kept
     + I already feel real stuck
     + Can't settle for this bad luck
     + I don't know how I got stuck
[199/400] mid(100%): For the edge of the storm -> 7 kept
     + Can't get back to my norm
     + Down and out in this dorm
     + I can't settle on this form
[200/400] mid(100%): With her hand on the rail -> 9 kept
     + Can't settle down on one trail
     + I already know I can't fail
     + Can't hear you with all that mail
[201/400] mid(83%): Full of maps and spare keys -> 5 kept
     + Can't settle down with these
     + Can't make it far with these
     + Can't stop to rest with these
[202/400] mid(100%): Every town I swear off -> 0 kept
[203/400] mid(100%): And it knows my name -> 7 kept
     + I can't settle down the same
     + can't you settle for the blame
     + I already feel the shame
[204/400] mid(100%): And I'm back in the game -> 8 kept
     + Down it comes the same
     + Can't place all the blame
     + Rain pounds hard the same
[205/400] mid(99%): Still by the sink -> 8 kept
     + I still kept the cup you drink
     + The mark that stayed from our drink
     + Your ring left there made me think
[206/400] mid(100%): And I told myself -> 6 kept
     + Put it on a shelf
     + Blame things on yourself
     + Do things by yourself
[207/400] mid(100%): It was just a season -> 10 kept
     + I stayed for no reason
     + Kept that for one reason
     + You went for no reason
[208/400] mid(100%): I hear your laugh -> 9 kept
     + I still slept on your half
     + The sheets still held your half
     + I kept the space at half
[209] DIVERSITY-GATE skip (only 0 distinct cands — possible reconstruction)
[210/400] mid(100%): The sea kept you -> 0 kept
[211/400] mid(100%): You were the one that got away -> 2 kept
     + Sailed out that way
     + Turned the wrong way
[212/400] mid(100%): My hands still know -> 0 kept
[213/400] mid(79%): The mango tree in the yard -> 10 kept
     + Stayed back when things turned hard
     + Kept clear of what was hard
     + Walked away before it got hard
[214] DIVERSITY-GATE skip (only 2 distinct cands — possible reconstruction)
[215/400] mid(100%): None of them moved -> 10 kept
     + Your mind stayed glued
     + That look still proved
     + Your feet stayed glued
[216/400] mid(100%): And I let the tide come -> 10 kept
     + I kept thinking of you some
     + I stayed up late most nights some
     + I held your old shirt close some
[217/400] mid(100%): You were the one that got away -> 6 kept
     + Yet you drifted out that way
     + Still the water held its sway
     + Though I hoped you would stay
[218/400] mid(100%): The sea kept you -> 0 kept
[219/400] mid(100%): You were the one that got away -> 5 kept
     + but waves took sway
     + it pulled you sway
     + tides made you stay
[220/400] mid(100%): My hands still know -> 0 kept
[221/400] mid(100%): But I keep your outline -> 10 kept
     + I kept my thoughts in line
     + You stayed so far from mine
     + I stayed far from your sign
[222] DIVERSITY-GATE skip (only 1 distinct cands — possible reconstruction)
[223/400] mid(100%): You were the one that got away -> 0 kept
[224/400] mid(100%): The sea kept you -> 0 kept
[225] DIVERSITY-GATE skip (only 1 distinct cands — possible reconstruction)
[226/400] mid(100%): My hands still know -> 0 kept
[227/400] mid(100%): Map in my hand -> 9 kept
     + When it hit the land
     + Your blood hit the sand
     + Then it hit the land
[228/400] mid(100%): And the sky turned gray again -> 0 kept
[229/400] mid(100%): Then I’m gone with the rain -> 9 kept
     + I run from your chain
     + When blood hits the drain
     + I can't take the pain
[230/400] mid(100%): I can’t settle down -> 8 kept
     + You said to meet me in this town
     + I saw your face turn all red brown
     + You said come back here to this town
[231/400] mid(100%): I can’t settle down -> 4 kept
     + I drive out of town
     + Watch the leaves turn brown
     + Walking with a frown
[232/400] mid(100%): Storm in my blood -> 7 kept
     + Water starts to flood
     + Can't hold back the flood
     + Feet sink into mud
[233/400] mid(100%): Storm in my blood -> 5 kept
     + Down comes the flood
     + Rain starts to flood
     + Down fills the mud
[234/400] mid(100%): I can’t settle down -> 7 kept
     + You said don't come round
     + I will not come round
     + You watch me leave town
[235/400] mid(100%): I can’t settle down -> 7 kept
     + I'll meet you in town
     + Don't give me that frown
     + The blood rushed through town
[236/400] mid(100%): But the horizon has a taste -> 0 kept
[237/400] mid(100%): Hear the thunder roll -> 3 kept
     + Words come back to take their toll
     + Rain starts to fall and take its toll
     + Thoughts come back to take their toll
[238/400] mid(100%): Then I’m gone with the rain -> 9 kept
     + Your blood starts to drain
     + It runs through my brain
     + I take all this pain
[239/400] mid(100%): I can’t settle down -> 3 kept
     + I head back home and walk to town
     + Your face turns from a smile to frown
     + The whole thing turns my mood to brown
[240/400] mid(100%): I can’t settle down -> 9 kept
     + said it with a frown
     + cars drive through the town
     + dogs bark all around
[241/400] mid(100%): Storm in my blood -> 5 kept
     + My head begins to flood
     + Rain starts to flood
     + All my thoughts now flood
[242/400] mid(100%): Storm in my blood -> 2 kept
     + Down comes the flood
     + Watch the rain flood
[243/400] mid(100%): I can’t settle down -> 10 kept
     + You said it makes me frown
     + When the blood hits the ground
     + I drive you out of town
[244/400] mid(100%): I can’t settle down -> 8 kept
     + It comes back around
     + They head out of town
     + Get your feet on ground
[245/400] mid(100%): If I stay too long -> 7 kept
     + It all comes out wrong
     + When you come on strong
     + Then it turns out wrong
[246/400] mid(100%): When the storm clouds call -> 5 kept
     + Settle down before I fall
     + Your last words cut through it all
     + Come on back and end it all
[247/400] mid(100%): So keep my jacket by the door -> 3 kept
     + Put your feet on floor
     + Take a seat on floor
     + Lay your head down more
[248/400] mid(100%): When the sky turns bright -> 9 kept
     + This time it don't feel right
     + You said it starts a fight
     + When you come it don't feel right
[249/400] mid(100%): I can’t settle down -> 9 kept
     + your past comes around
     + the leaves hit the ground
     + dark clouds fill the town
[250/400] mid(100%): I can’t settle down -> 7 kept
     + I drive around town
     + My head starts to pound
     + I wear a deep frown
[251/400] mid(100%): Storm in my blood -> 8 kept
     + Words you said now flood
     + Things begin to flood
     + Can't hold back the flood
[252/400] mid(100%): Storm in my blood -> 7 kept
     + The rain will flood
     + Feel the rain flood
     + Bring on the flood
[253/400] mid(100%): Like it might burn -> 8 kept
     + It makes me turn
     + Sound makes me turn
     + I let it turn
[254/400] mid(100%): Your name on the screen -> 10 kept
     + She picks it clean
     + It looks so mean
     + Ma wipes it clean
[255/400] mid(100%): I made it through the years -> 7 kept
     + Static hurts my ears
     + I am filled with fears
     + Don't know what she fears
[256/400] mid(100%): Mama, say my name -> 6 kept
     + I picked up when you came
     + Never put me to shame
     + Time has changed the old game
[257/400] mid(100%): The porch light flickered -> 10 kept
     + Mom picked up and cheered
     + She answered quick and cleared
     + I called her name and feared
[258/400] mid(100%): Rain on the windshield -> 6 kept
     + Call her name through the field
     + Say your name here through field
     + Pick it up here near the field
[259/400] mid(100%): Like you were reaching -> 8 kept
     + I hear you breathing
     + Mama I am speaking
     + Pick it up I'm seeing
[260/400] mid(100%): I made it through the years -> 6 kept
     + Here I sit with fears
     + Pick it up my ears
     + Waiting here with fears
[261/400] mid(100%): Mama, say my name -> 7 kept
     + Everything is still the same
     + You know I use the same
     + I pick up just the same
[262/400] mid(99%): If you’re angry -> 8 kept
     + She wants to carry
     + Come here to carry
     + Go on and carry
[263/400] mid(100%): If you’re tired -> 8 kept
     + Your mama got you fired
     + She said you seem wired
     + I heard you got hired
[264/400] mid(100%): I made it through the years -> 9 kept
     + Phone pressed to my ears
     + I speak into your ears
     + Voice rings in my ears
[265/400] mid(100%): Mama, say my name -> 8 kept
     + We still play the same game
     + I don't deserve the blame
     + It feels about the same
[266/400] mid(98%): Tambourines in the air -> 9 kept
     + We pass your name with care
     + Friends will gather and share
     + Then we stand up and swear
[267/400] mid(100%): Let the whole street know -> 6 kept
     + I let the music play so
     + We pass the sound down low
     + I send the beat real slow
[268/400] mid(100%): A candle in the rain -> 10 kept
     + Pass the word down the chain
     + Kids head out to the lane
     + We drag it on a chain
[269/400] mid(98%): Tambourines in the air -> 9 kept
     + We pass it on with care
     + It hits us hard out there
     + We bear it all and swear
[270/400] mid(100%): Let the whole street know -> 9 kept
     + Let the rhythm start to grow
     + Turn the volume way down low
     + Make the players steal the show
[271/400] mid(100%): Call his name on the block -> 8 kept
     + Make the bass drum knock
     + Let the band play rock
     + Throw the bolt and lock
[272/400] mid(100%): White petals on the floor -> 0 kept
[273/400] mid(100%): You smiled at me by the table line -> 9 kept
     + Your feet move just like mine
     + The steps feel soft and fine
     + We glide across real fine
[274/400] mid(100%): The room got holy -> 0 kept
[275/400] mid(100%): The room got loud -> 8 kept
     + They moved their feet proud
     + We danced like the crowd
     + All kicked up a cloud
[276/400] mid(100%): And the whole place bowed -> 9 kept
     + I joined the crowd
     + We felt so proud
     + I led the crowd
[277/400] mid(100%): The room got holy -> 9 kept
     + You moved your feet real slowly
     + We danced with our feet slowly
     + People tapped their feet only
[278/400] mid(100%): The room got loud -> 6 kept
     + Feet moved quick and proud
     + They stomped hard on the crowd
     + Folks kicked their feet out proud
[279/400] mid(100%): And the whole place bowed -> 8 kept
     + We joined the crowd
     + Feet shook the crowd
     + We moved the crowd
[280/400] mid(100%): Maybe that’s how grace arrives -> 7 kept
     + The bride joins the wives
     + She joins the old wives
     + He takes on new wives
[281/400] mid(100%): We left as kin -> 9 kept
     + Our feet tap and win
     + Tap feet to the win
     + Feet go fast and win
[282/400] mid(100%): And I’m standing on the cliff -> 0 kept
[283/400] mid(100%): From the ancient sky -> 9 kept
     + Far off they fly
     + From hills they fly
     + Wild birds fly high
[284/400] mid(100%): From the ancient sky -> 10 kept
     + Take me up high
     + Lead me to fly
     + Run with me high
[285/400] mid(85%): A hollow ache inside -> 8 kept
     + And long to ride
     + I try to hide
     + And chase the tide
[286/400] mid(100%): Like the back of my hand -> 9 kept
     + Left this town like planned
     + Back to my home land
     + I left this old town land
[287] DIVERSITY-GATE skip (only 1 distinct cands — possible reconstruction)
[288/400] mid(100%): In a busted-up bag -> 6 kept
     + Can't let it turn to drag
     + Really tries not to lag
     + Holds on to his old rag
[289/400] mid(100%): The diner clock lies -> 7 kept
     + No one hears my cries
     + I won't say goodbyes
     + No one even tries
[290/400] mid(100%): At the top of the wall -> 10 kept
     + This place got too small
     + You won't get my call
     + Folks don't answer calls
[291/400] mid(100%): In a busted-up bag -> 7 kept
     + Pack your bags and drag
     + Get out now and drag
     + Leave this town and drag
[292/400] mid(100%): Done with the fight -> 10 kept
     + I am leaving town right
     + Time to clear on out right
     + I will not be back right
[293/400] mid(82%): Like we knew the drill -> 9 kept
     + Pull you close still
     + Held it down still
     + Kept you near still
[294/400] mid(100%): The rain kept tapping -> 6 kept
     + I kept your bag close asking
     + I checked your coat tag asking
     + You held the rail tight asking
[295/400] mid(100%): The wind turned sharp -> 0 kept
[296/400] mid(100%): In the same breath -> 9 kept
     + Rain fell hard with depth.
     + Wind picked up some depth.
     + I felt the rain depth.
[297/400] mid(100%): Like that meant yes -> 3 kept
     + They kept close and tried to press
     + And rain fell on her best dress
     + Rain hit but they would not guess
[298/400] mid(100%): The rain kept tapping -> 0 kept
[299/400] mid(100%): At the corner crosswalk -> 0 kept
[300/400] mid(100%): And the rain backed off -> 0 kept
[301/400] mid(100%): Cans lined up by the sink -> 0 kept
[302/400] mid(100%): Now the house stands quiet -> 0 kept
[303/400] mid(100%): But I can still walk through -> 7 kept
     + Her stew simmers on the stove too
     + Fresh bread cools on the rack too
     + Soup heats up on her stove too
[304/400] mid(100%): One breath and I’m back at the table -> 0 kept
[305/400] mid(100%): Sweat on my brow -> 10 kept
     + Call mom right now
     + Will she ring me now
     + Time to call her now
[306/400] mid(100%): A ghost in the line -> 7 kept
     + Mom's call comes through fine
     + Phone lights up with her sign
     + It rings out clear and fine
[307/400] mid(100%): My own damn fault -> 10 kept
     + The call comes to halt
     + Her ring starts to halt
     + Don't let the call halt
[308/400] mid(100%): Destroyed my whole life -> 2 kept
     + Ring took my wife
     + Mom rang my wife
[309/400] mid(100%): Packed up my bags -> 8 kept
     + Her phone call now drags
     + That old ring tone drags
     + Mom's late call still drags
[310/400] mid(100%): Every scar in his rhythm -> 9 kept
     + He keeps it real with him
     + They try to swim with him
     + He says he stays with him
[311/400] mid(100%): Every prayer in the rain -> 9 kept
     + He keeps each word in his brain
     + The man won't sell out his chain
     + Make all the notes hit the main
[312/400] mid(100%): Every tear in his measure -> 9 kept
     + He tries to keep it fair
     + He says he won't sell bare
     + He wants to tell it square
[313/400] mid(100%): Every line born in pain -> 10 kept
     + He won't sell the songs in his brain
     + The guy keeps his tunes in his brain
     + Won't sell the words he keeps in his train
[314/400] mid(100%): If the room goes cold -> 7 kept
     + They say he won't get sold
     + Folks tell him stay good and bold
     + He keeps every bid on hold
[315/400] mid(100%): Like you might come back -> 0 kept
[316/400] mid(100%): In the hallway floor -> 8 kept
     + I stand at your door
     + I wait by your door
     + I knock on your door
[317/400] mid(100%): My name in your mouth -> 9 kept
     + I don't want to go south
     + I want you to head south
     + Don't keep me in the south
[318/400] mid(100%): On the chair by the wall -> 7 kept
     + I want to keep it all
     + I don't want to call
     + I stall and hold it all
[319/400] mid(100%): My name in your mouth -> 9 kept
     + Don't you want to stay out
     + We want to head back out
     + Don't you have the same doubt
[320/400] mid(99%): A home out of signs -> 10 kept
     + I want you out of my mind
     + Don't keep me waiting in line
     + You don't fit in with my kind
[321/400] mid(100%): You were the door -> 3 kept
     + Don't hold back no more
     + I want you here some more
     + Put your bag on the floor
[322/400] mid(100%): Mine on the other side -> 9 kept
     + We had to keep stride
     + You made me match stride
     + I tried to match stride
[323/400] mid(94%): Look at me, don't run -> 10 kept
     + You do the same steps for fun
     + Make your feet move till you're done
     + They force each step just like fun
[324/400] mid(81%): My pride hit the ground -> 9 kept
     + We had to match their sound
     + We stepped just like they found
     + They made us turn around
[325/400] mid(94%): Look at me, don't run -> 7 kept
     + Follow each step just like done
     + They make you step to their fun
     + Match their beat or face the gun
[326/400] mid(100%): Now the room goes quiet -> 9 kept
     + Step in time and cause a riot
     + Move your feet and spark a riot
     + Keep the pace then start a riot
[327/400] mid(100%): We were born to argue -> 0 kept
[328/400] mid(100%): Now we move like smoke -> 7 kept
     + Dance until we choke
     + Take one more step broke
     + We match your own joke
[329/400] mid(100%): Say my name like trouble -> 9 kept
     + Same beat makes us stumble
     + Forced steps start to crumble
     + We match your step and stumble
[330/400] mid(100%): The screen door slaps like it knows -> 8 kept
     + Note the small things before summer goes
     + I'll mark each page before the moment goes
     + I write it fast before the chance goes
[331/400] mid(100%): Keep it in my bones -> 9 kept
     + I'll sit down on the stones
     + I put down all the phones
     + I'll hear all of the tones
[332/400] mid(100%): We drove past the county fair -> 10 kept
     + Feel the summer air
     + Get your ticket there
     + Buy more tickets there
[333/400] mid(99%): Dust on the Baptist sign -> 8 kept
     + The kids all headed home in line
     + I packed my bag and left just fine
     + Folks moved along the exit line
[334/400] mid(100%): And every little goodbye -> 10 kept
     + This makes me feel so high
     + It fills my head up high
     + The noise will hit me high
[335/400] mid(86%): Feels bigger than it sounds -> 10 kept
     + I'll keep this all in town
     + We drive around the grounds
     + I hold you here in bounds
[336/400] mid(100%): Keep it in my bones -> 10 kept
     + We sit down on the stones
     + I head back to our homes
     + I'll walk down by the phones
[337/400] mid(100%): Keep it in my bones -> 8 kept
     + Drive down to your old home
     + I call you on my phone
     + Head back down to my home
[338/400] mid(100%): We carry what we cannot keep -> 8 kept
     + I always take your name and hold it deep
     + We carry on and make it home to sleep
     + I say the words and let them go to sleep
[339/400] mid(100%): Love is gone, but the river stands -> 10 kept
     + The people gather near the bands
     + We walk along the river sands
     + The tune it carries through the lands
[340/400] mid(100%): When the rain falls warm and gentle -> 10 kept
     + Take the dance home and settle
     + We let the tune help us settle
     + One last step makes the ache settle
[341/400] mid(100%): We carry what we cannot keep -> 8 kept
     + Carry the load and go down deep
     + Take a breath and dive in deep
     + We move on and make no peep
[342/400] mid(100%): Love is gone, but the river stands -> 7 kept
     + We carry flowers through the lands
     + She walks in silence past the sands
     + A soft tune lingers in the bands
[343/400] mid(100%): like it meant mine -> 7 kept
     + but I don't call this time
     + still want you in my line
     + still like your call this time
[344/400] mid(100%): with your hand on mine -> 7 kept
     + I still don't want to sign
     + I like the things you find
     + But you won't stay in line
[345/400] mid(100%): to make me want the rest -> 8 kept
     + You pull me close at best
     + I still come back for less
     + You treat me like a test
[346/400] mid(100%): to where you are now -> 4 kept
     + Please tell me how
     + We can find how
     + I still see how
[347/400] mid(100%): You say my name -> 6 kept
     + I take all the blame
     + you still feel the same
     + I want you the same
[348/400] mid(73%): I hold the door -> 9 kept
     + Come back once more
     + I still want more
     + I like you more
[349/400] mid(100%): Your coat on my chair -> 10 kept
     + I don't want you there
     + You still have my care
     + Don't leave me out there
[350/400] mid(100%): then looked at the floor -> 8 kept
     + I want you back more
     + Come stay with me more
     + I like you here more
[351/400] mid(100%): to where you are now -> 2 kept
     + Just show me how
     + Please tell me how
[352/400] mid(100%): You say my name -> 6 kept
     + but you never came
     + don't put me to shame
     + you can take the blame
[353/400] mid(73%): I hold the door -> 5 kept
     + I turn once more
     + I stand no more
     + I try no more
[354/400] mid(99%): If love is a house -> 0 kept
[355/400] mid(100%): then I'm out in the rain -> 6 kept
     + I still feel the pain
     + you don't want the blame
     + it won't be the same
[356/400] mid(100%): Hands on the glass -> 9 kept
     + I still want to pass
     + I want you in my class
     + Don't leave me on the grass
[357/400] mid(100%): You turn the key -> 8 kept
     + you still want me
     + don't just watch me
     + want you near me
[358/400] mid(100%): to where you are now -> 5 kept
     + wipe off your brow
     + take a deep bow
     + give me your vow
[359/400] mid(100%): You say my name -> 9 kept
     + you don't want the same
     + don't come back the same
     + I still like the game
[360/400] mid(73%): I hold the door -> 7 kept
     + I want you more
     + don't like this floor
     + still want you more
[361/400] mid(100%): and I still don't know why -> 2 kept
     + So please don't lie
     + Though you say bye
[362/400] mid(98%): In the narrow shop -> 3 kept
     + They fix clothes non stop
     + They make things non stop
     + They work hard non stop
[363/400] mid(100%): He knows every waist -> 3 kept
     + She works the fabric to her taste
     + You pull the threads to hold it laced
     + She sews it all to show good taste
[364/400] mid(100%): Every cuff, every seam -> 0 kept
[365/400] mid(100%): Dresses the whole block -> 9 kept
     + He makes them around the clock
     + He runs his shop round the clock
     + He gets it done by the clock
[366/400] mid(100%): Dresses the whole block -> 8 kept
     + Style makes each outfit rock
     + He adds new parts that make it lock
     + He gets the fit from monday stock
[367/400] mid(100%): Dresses the whole block -> 7 kept
     + He starts at six o'clock
     + He runs on his own clock
     + He checks the big town clock
[368/400] mid(100%): Dresses the whole block -> 10 kept
     + He adds a bright new clock
     + She buys the perfect sock
     + He turns the big steel lock
[369/400] mid(100%): If you keep your hands calm -> 10 kept
     + She makes it whole with one palm
     + Puts her hand flat like a palm
     + Keeps the whole thing in her palm
[370/400] mid(100%): Dresses the whole block -> 9 kept
     + He works all round the clock
     + He does it by the clock
     + He stays right on the clock
[371/400] mid(100%): Dresses the whole block -> 10 kept
     + He fixes all the locks
     + She starts at nine o'clock
     + He grabs the right sock
[372/400] mid(98%): There was flour on the table -> 0 kept
[373/400] mid(100%): And pulled me back again -> 5 kept
     + Takes me right back home when
     + Gets me every time when
     + Draws me to that place when
[374/400] mid(82%): And the whole house leaned in close -> 10 kept
     + The smell came back to my nose
     + Smells came drifting to my nose
     + Good smells drifted to my nose
[375] DIVERSITY-GATE skip (only 1 distinct cands — possible reconstruction)
[376/400] mid(100%): In the end of a day -> 10 kept
     + The smell takes me away
     + It pulls the years away
     + That scent sends me away
[377/400] mid(100%): And pulled me back again -> 7 kept
     + It takes me there back when
     + Like when I sat there then
     + The feel I knew back when
[378/400] mid(99%): Your hands on the wheel, both small -> 9 kept
     + I roll your window down for air all
     + You take a breath and settle call
     + I ease the strap across your lap all
[379/400] mid(99%): Don't rush the flame -> 7 kept
     + Take all the blame
     + Play your own game
     + Roll with your game
[380/400] mid(100%): A dog cuts through the rain -> 7 kept
     + It makes you use your brain
     + You try to change your lane
     + We sit there in a chain
[381/400] mid(100%): Teach me the tide, old man -> 4 kept
     + go where your old boat began
     + I said to ride it with your plan
     + just like he told us all he can
[382/400] mid(100%): Teach me the tide -> 9 kept
     + Watch where the small fish hide
     + See how the big waves ride
     + Mark spots where the boats hide
[383/400] mid(100%): (teach me the tide) -> 4 kept
     + Learn where waves ride
     + See how waves hide
     + Find where fish hide
[384/400] mid(100%): (teach me the tide) -> 0 kept
[385/400] mid(90%): Don’t stand stiff on the shore -> 7 kept
     + Watch the water pour
     + Bend it like before
     + Make the river bend more
[386/400] mid(100%): Teach me the tide, old man -> 9 kept
     + Just go where you said you can
     + Bend your knees the way you plan
     + Look and see how your body can
[387/400] mid(100%): Teach me the tide -> 2 kept
     + See the spot where crabs can hide
     + Look down where the shells do hide
[388/400] mid(100%): “Listen close to the turning” -> 7 kept
     + The river starts to churn
     + You watch the water turn
     + It makes the waves all churn
[389/400] mid(100%): Teach me the tide, old man -> 9 kept
     + I bend it with your plan
     + She said it where you can
     + We teach it like they ran
[390/400] mid(100%): Teach me the tide -> 10 kept
     + See where your boat can ride
     + Watch where the small boats hide
     + Find spots where fish will hide
[391/400] mid(100%): (teach me the tide) -> 5 kept
     + Teach me to ride
     + Show me your side
     + Find where to hide
[392/400] mid(100%): (teach me the tide) -> 0 kept
[393/400] mid(90%): Don’t stand stiff on the shore -> 9 kept
     + See the water pour
     + Try it once more
     + Bend your knees before
[394/400] mid(100%): Teach me the tide, old man -> 8 kept
     + Move like the tide said you can
     + Bend with the waves just as you can
     + Find the right spot where you can
[395/400] mid(100%): Teach me the tide -> 9 kept
     + Show me where the waves slide
     + Point me toward the far side
     + Help me find the right side
[396/400] mid(100%): Teach me the tide, old man -> 0 kept
[397/400] mid(100%): Teach me the tide -> 7 kept
     + Watch how the small waves glide
     + Know the spot the boats can hide
     + Find the bend where all streams slide
[398/400] mid(100%): (teach me the tide) -> 4 kept
     + Stay on my side
     + Go for a ride
     + Take the long ride
[399/400] mid(100%): (teach me the tide) -> 8 kept
     + Lean into it with your stride
     + Find the balance in your stride
     + Take a step and start to glide
[400] DIVERSITY-GATE skip (only 3 distinct cands — possible reconstruction)

DONE: 400 contexts, 2395 good lines kept -> overnight/distill/dataset.jsonl
